1
0,
1.5,
1
0,
2,
1
0,
2.5,
1
0,
3
1
1,
1.5,
1
1,
2,
1
1,
2.5,
1
1,
3
1
10
1.5,
1
10
2,
1
10
2.5,
1
10
3
2
0,
1.5,
2
0,
2,
2
0,
2.5,
2
0,
3
2
1,
1.5,
2
1,
2,
2
1,
2.5,
2
1,
3
2
10
1.5,
2
10
2,
2
10
2.5,
2
10
3
3
0,
1.5,
3
0,
2,
3
0,
2.5,
3
0,
3
3
1,
1.5,
3
1,
2,
3
1,
2.5,
3
1,
3
3
10
1.5,
3
10
2,
3
10
2.5,
3
10
3
4
0,
1.5,
4
0,
2,
4
0,
2.5,
4
0,
3
4
1,
1.5,
4
1,
2,
4
1,
2.5,
4
1,
3
4
10
1.5,
4
10
2,
4
10
2.5,
4
10
3
5
0,
1.5,
5
0,
2,
5
0,
2.5,
5
0,
3
5
1,
1.5,
5
1,
2,
5
1,
2.5,
5
1,
3
5
10
1.5,
5
10
2,
5
10
2.5,
5
10
3
6
0,
1.5,
6
0,
2,
6
0,
2.5,
6
0,
3
6
1,
1.5,
6
1,
2,
6
1,
2.5,
6
1,
3
6
10
1.5,
6
10
2,
6
10
2.5,
6
10
3
7
0,
1.5,
7
0,
2,
7
0,
2.5,
7
0,
3
7
1,
1.5,
7
1,
2,
7
1,
2.5,
7
1,
3
7
10
1.5,
7
10
2,
7
10
2.5,
7
10
3
8
0,
1.5,
8
0,
2,
8
0,
2.5,
8
0,
3
8
1,
1.5,
8
1,
2,
8
1,
2.5,
8
1,
3
8
10
1.5,
8
10
2,
8
10
2.5,
8
10
3
9
0,
1.5,
9
0,
2,
9
0,
2.5,
9
0,
3
9
1,
1.5,
9
1,
2,
9
1,
2.5,
9
1,
3
9
10
1.5,
9
10
2,
9
10
2.5,
9
10
3
10
0,
1.5,
10
0,
2,
10
0,
2.5,
10
0,
3
10
1,
1.5,
10
1,
2,
10
1,
2.5,
10
1,
3
10
10
1.5,
10
10
2,
10
10
2.5,
10
10
3
11
0,
1.5,
11
0,
2,
11
0,
2.5,
11
0,
3
11
1,
1.5,
11
1,
2,
11
1,
2.5,
11
1,
3
11
10
1.5,
11
10
2,
11
10
2.5,
11
10
3
12
0,
1.5,
12
0,
2,
12
0,
2.5,
12
0,
3
12
1,
1.5,
12
1,
2,
12
1,
2.5,
12
1,
3
12
10
1.5,
12
10
2,
12
10
2.5,
12
10
3
13
0,
1.5,
13
0,
2,
13
0,
2.5,
13
0,
3
13
1,
1.5,
13
1,
2,
13
1,
2.5,
13
1,
3
13
10
1.5,
13
10
2,
13
10
2.5,
13
10
3
14
0,
1.5,
14
0,
2,
14
0,
2.5,
14
0,
3
14
1,
1.5,
14
1,
2,
14
1,
2.5,
14
1,
3
14
10
1.5,
14
10
2,
14
10
2.5,
14
10
3
15
0,
1.5,
15
0,
2,
15
0,
2.5,
15
0,
3
15
1,
1.5,
15
1,
2,
15
1,
2.5,
15
1,
3
15
10
1.5,
15
10
2,
15
10
2.5,
15
10
3
16
0,
1.5,
16
0,
2,
16
0,
2.5,
16
0,
3
16
1,
1.5,
16
1,
2,
16
1,
2.5,
16
1,
3
16
10
1.5,
16
10
2,
16
10
2.5,
16
10
3
17
0,
1.5,
17
0,
2,
17
0,
2.5,
17
0,
3
17
1,
1.5,
17
1,
2,
17
1,
2.5,
17
1,
3
17
10
1.5,
17
10
2,
17
10
2.5,
17
10
3
18
0,
1.5,
18
0,
2,
18
0,
2.5,
18
0,
3
18
1,
1.5,
18
1,
2,
18
1,
2.5,
18
1,
3
18
10
1.5,
18
10
2,
18
10
2.5,
18
10
3
19
0,
1.5,
19
0,
2,
19
0,
2.5,
19
0,
3
19
1,
1.5,
19
1,
2,
19
1,
2.5,
19
1,
3
19
10
1.5,
19
10
2,
19
10
2.5,
19
10
3
20
0,
1.5,
20
0,
2,
20
0,
2.5,
20
0,
3
20
1,
1.5,
20
1,
2,
20
1,
2.5,
20
1,
3
20
10
1.5,
20
10
2,
20
10
2.5,
20
10
3


###############################################################################
Peregrine Cluster
Job 12945457 for user 'p288427'
Finished at: Fri Jul 24 16:04:09 CEST 2020

Job details:
============

Name                : test
User                : p288427
Partition           : regular
Nodes               : pg-node209
Cores               : 1
State               : COMPLETED
Submit              : 2020-07-24T16:03:57
Start               : 2020-07-24T16:04:09
End                 : 2020-07-24T16:04:09
Reserved walltime   : 04:00:00
Used walltime       : --
Used CPU time       : --
% User (Computation): 52.17%
% System (I/O)      : 47.83%
Mem reserved        : 1G/node
Max Mem used        : 0.00  (pg-node209)
Max Disk Write      : 0.00  (pg-node209)
Max Disk Read       : 0.00  (pg-node209)


Acknowledgements:
=================

Please see this page for information about acknowledging Peregrine in your publications:

https://wiki.hpc.rug.nl/peregrine/additional_information/scientific_output

################################################################################
